../Core/Src/main.c:85:5:main	1
../Core/Src/main.c:135:13:MX_TIM_Init	1
../Core/Src/main.c:144:13:MX_ADC_Init	3
../Core/Src/main.c:183:13:MX_DMA_Init	1
../Core/Src/main.c:207:6:SystemClock_Config	4
../Core/Src/main.c:268:13:MX_DFSDM1_Init	2
../Core/Src/main.c:306:13:MX_I2C2_Init	4
../Core/Src/main.c:354:13:MX_QUADSPI_Init	2
../Core/Src/main.c:387:13:MX_SPI3_Init	2
../Core/Src/main.c:427:13:MX_USART1_UART_Init	2
../Core/Src/main.c:462:13:MX_USART3_UART_Init	2
../Core/Src/main.c:497:13:MX_USB_OTG_FS_PCD_Init	2
../Core/Src/main.c:532:13:MX_GPIO_Init	1
../Core/Src/main.c:728:6:Error_Handler	1
