../Core/Src/main.c:83:5:main	32	static
../Core/Src/main.c:135:6:SystemClock_Config	96	static
../Core/Src/main.c:196:13:MX_DFSDM1_Init	8	static
../Core/Src/main.c:234:13:MX_I2C2_Init	8	static
../Core/Src/main.c:282:13:MX_QUADSPI_Init	8	static
../Core/Src/main.c:315:13:MX_SPI3_Init	8	static
../Core/Src/main.c:355:13:MX_USART3_UART_Init	8	static
../Core/Src/main.c:390:13:MX_USB_OTG_FS_PCD_Init	8	static
../Core/Src/main.c:425:13:MX_GPIO_Init	48	static
../Core/Src/main.c:625:6:HAL_UART_RxCpltCallback	24	static
../Core/Src/main.c:668:6:Error_Handler	4	static,ignoring_inline_asm
