../Core/Src/main.c:80:6:HAL_UART_RxCpltCallback	24	static
../Core/Src/main.c:122:6:HAL_UART_ErrorCallback	16	static
../Core/Src/main.c:128:13:process_line	16	static
../Core/Src/main.c:142:5:main	16	static
../Core/Src/main.c:205:6:SystemClock_Config	96	static
../Core/Src/main.c:266:13:MX_DFSDM1_Init	8	static
../Core/Src/main.c:304:13:MX_I2C2_Init	8	static
../Core/Src/main.c:352:13:MX_QUADSPI_Init	8	static
../Core/Src/main.c:385:13:MX_SPI3_Init	8	static
../Core/Src/main.c:425:13:MX_USART1_UART_Init	8	static
../Core/Src/main.c:460:13:MX_USART3_UART_Init	8	static
../Core/Src/main.c:495:13:MX_USB_OTG_FS_PCD_Init	8	static
../Core/Src/main.c:530:13:MX_GPIO_Init	48	static
../Core/Src/main.c:726:6:Error_Handler	4	static,ignoring_inline_asm
