../Core/Src/main.c:110:6:HAL_UART_RxCpltCallback	16	static
../Core/Src/main.c:128:6:HAL_TIM_PeriodElapsedCallback	24	static
../Core/Src/main.c:167:5:main	64	static
../Core/Src/main.c:250:6:SystemClock_Config	96	static
../Core/Src/main.c:311:13:MX_DFSDM1_Init	8	static
../Core/Src/main.c:349:13:MX_I2C2_Init	8	static
../Core/Src/main.c:397:13:MX_QUADSPI_Init	8	static
../Core/Src/main.c:430:13:MX_SPI3_Init	8	static
../Core/Src/main.c:470:13:MX_TIM2_Init	64	static
../Core/Src/main.c:529:13:MX_TIM3_Init	40	static
../Core/Src/main.c:574:13:MX_USART1_UART_Init	8	static
../Core/Src/main.c:609:13:MX_USART3_UART_Init	8	static
../Core/Src/main.c:644:13:MX_USB_OTG_FS_PCD_Init	8	static
../Core/Src/main.c:679:13:MX_GPIO_Init	48	static
../Core/Src/main.c:860:12:parse_command	24	static
../Core/Src/main.c:876:13:uart_print	16	static
../Core/Src/main.c:881:13:tone_on	8	static
../Core/Src/main.c:885:13:tone_off	8	static
../Core/Src/main.c:890:13:scale_sequence	24	static
../Core/Src/main.c:898:13:start_sequence	8	static
../Core/Src/main.c:912:13:check_answer	128	static
../Core/Src/main.c:971:13:arm_rx	8	static
../Core/Src/main.c:982:6:Error_Handler	4	static,ignoring_inline_asm
