../Core/Src/main.c:110:6:HAL_UART_RxCpltCallback	5
../Core/Src/main.c:128:6:HAL_TIM_PeriodElapsedCallback	4
../Core/Src/main.c:167:5:main	5
../Core/Src/main.c:250:6:SystemClock_Config	4
../Core/Src/main.c:311:13:MX_DFSDM1_Init	2
../Core/Src/main.c:349:13:MX_I2C2_Init	4
../Core/Src/main.c:397:13:MX_QUADSPI_Init	2
../Core/Src/main.c:430:13:MX_SPI3_Init	2
../Core/Src/main.c:470:13:MX_TIM2_Init	6
../Core/Src/main.c:529:13:MX_TIM3_Init	4
../Core/Src/main.c:574:13:MX_USART1_UART_Init	2
../Core/Src/main.c:609:13:MX_USART3_UART_Init	2
../Core/Src/main.c:644:13:MX_USB_OTG_FS_PCD_Init	2
../Core/Src/main.c:679:13:MX_GPIO_Init	1
../Core/Src/main.c:860:12:parse_command	6
../Core/Src/main.c:876:13:uart_print	1
../Core/Src/main.c:881:13:tone_on	1
../Core/Src/main.c:885:13:tone_off	1
../Core/Src/main.c:890:13:scale_sequence	2
../Core/Src/main.c:898:13:start_sequence	1
../Core/Src/main.c:912:13:check_answer	12
../Core/Src/main.c:971:13:arm_rx	1
../Core/Src/main.c:982:6:Error_Handler	1
