../Core/Src/stm32l4xx_hal_msp.c:65:6:HAL_MspInit	16	static
../Core/Src/stm32l4xx_hal_msp.c:89:6:HAL_DFSDM_ChannelMspInit	184	static
../Core/Src/stm32l4xx_hal_msp.c:138:6:HAL_DFSDM_ChannelMspDeInit	16	static
../Core/Src/stm32l4xx_hal_msp.c:168:6:HAL_I2C_MspInit	184	static
../Core/Src/stm32l4xx_hal_msp.c:215:6:HAL_I2C_MspDeInit	16	static
../Core/Src/stm32l4xx_hal_msp.c:246:6:HAL_QSPI_MspInit	48	static
../Core/Src/stm32l4xx_hal_msp.c:288:6:HAL_QSPI_MspDeInit	16	static
../Core/Src/stm32l4xx_hal_msp.c:322:6:HAL_SPI_MspInit	48	static
../Core/Src/stm32l4xx_hal_msp.c:360:6:HAL_SPI_MspDeInit	16	static
../Core/Src/stm32l4xx_hal_msp.c:390:6:HAL_TIM_Base_MspInit	48	static
../Core/Src/stm32l4xx_hal_msp.c:436:6:HAL_TIM_MspPostInit	40	static
../Core/Src/stm32l4xx_hal_msp.c:468:6:HAL_TIM_Base_MspDeInit	16	static
../Core/Src/stm32l4xx_hal_msp.c:513:6:HAL_UART_MspInit	192	static
../Core/Src/stm32l4xx_hal_msp.c:597:6:HAL_UART_MspDeInit	16	static
../Core/Src/stm32l4xx_hal_msp.c:646:6:HAL_PCD_MspInit	184	static
../Core/Src/stm32l4xx_hal_msp.c:719:6:HAL_PCD_MspDeInit	24	static
